test_sdo_batched_unrelated_response (test_jcan_mcp.McpHostTest.test_sdo_batched_unrelated_response) ... ok
test_periodic_holds_gate_until_cleanup_finishes (test_jcan_mcp.McpHostTest.test_periodic_holds_gate_until_cleanup_finishes) ... FAIL
test_periodic_startup_failure_always_stops_and_closes (test_jcan_mcp.McpHostTest.test_periodic_startup_failure_always_stops_and_closes) ... ok

======================================================================
FAIL: test_periodic_holds_gate_until_cleanup_finishes (test_jcan_mcp.McpHostTest.test_periodic_holds_gate_until_cleanup_finishes)
----------------------------------------------------------------------
Traceback (most recent call last):
  File "/usr/lib/python3.12/unittest/async_case.py", line 90, in _callTestMethod
    if self._callMaybeAsync(method) is not None:
       ^^^^^^^^^^^^^^^^^^^^^^^^^^^^
  File "/usr/lib/python3.12/unittest/async_case.py", line 112, in _callMaybeAsync
    return self._asyncioRunner.run(
           ^^^^^^^^^^^^^^^^^^^^^^^^
  File "/usr/lib/python3.12/asyncio/runners.py", line 118, in run
    return self._loop.run_until_complete(task)
           ^^^^^^^^^^^^^^^^^^^^^^^^^^^^^^^^^^^
  File "/usr/lib/python3.12/asyncio/base_events.py", line 687, in run_until_complete
    return future.result()
           ^^^^^^^^^^^^^^^
  File "/home/gtc/Desktop/workspace/JCAN/test_jcan_mcp.py", line 737, in test_periodic_holds_gate_until_cleanup_finishes
    self.assertTrue(gate.locked())
AssertionError: False is not true

----------------------------------------------------------------------
Ran 3 tests in 0.021s

FAILED (failures=1)
